ASxxxx Linker V03.00/V05.40 + sdld,  page 1.
Hexadecimal  [32-Bits]

Area                                    Addr        Size        Decimal Bytes (Attributes)
--------------------------------        ----        ----        ------- ----- ------------
CABS                                00000000    00000000 =           0. bytes (ABS,CON,CODE)

      Value  Global                              Global Defined In Module
      -----  --------------------------------   ------------------------
C:   00000000  l_BIT_BANK                      
C:   00000000  l_CABS                          
C:   00000000  l_GSINIT                        
C:   00000000  l_GSINIT0                       
C:   00000000  l_GSINIT1                       
C:   00000000  l_GSINIT2                       
C:   00000000  l_GSINIT3                       
C:   00000000  l_GSINIT4                       
C:   00000000  l_GSINIT5                       
C:   00000000  l_IABS                          
C:   00000000  l_ISEG                          
C:   00000000  l_OSEG                          
C:   00000000  l_PSEG                          
C:   00000000  l_REG_BANK_1                    
C:   00000000  l_REG_BANK_2                    
C:   00000000  l_REG_BANK_3                    
C:   00000000  l_RSEG                          
C:   00000000  l_RSEG0                         
C:   00000000  l_RSEG1                         
C:   00000000  l_XABS                          
C:   00000000  l_XINIT                         
C:   00000000  l_XISEG                         
C:   00000000  l_XSEG                          
C:   00000000  l__CODE                         
C:   00000000  s_BSEG                          
C:   00000000  s_CABS                          
C:   00000000  s_DSEG                          
C:   00000000  s_HOME                          
C:   00000000  s_IABS                          
C:   00000000  s_ISEG                          
C:   00000000  s_REG_BANK_0                    
C:   00000000  s_RSEG                          
C:   00000000  s_RSEG0                         
C:   00000000  s_RSEG1                         
C:   00000000  s_XABS                          
C:   00000001  l_BSEG                          
C:   00000001  l_BSEG_BYTES                    
C:   00000001  s_PSEG                          
C:   00000001  s_XISEG                         
C:   00000001  s_XSEG                          
C:   00000003  l_GSFINAL                       
C:   00000008  l_REG_BANK_0                    
C:   00000008  s_REG_BANK_1                    
C:   00000010  s_REG_BANK_2                    
C:   00000018  s_BIT_BANK                      
C:   00000018  s_OSEG                          
C:   00000018  s_REG_BANK_3                    
C:   00000020  s_BSEG_BYTES                    
C:   00000020  s__CODE                         
C:   00000021  s_SSEG                          
ASxxxx Linker V03.00/V05.40 + sdld,  page 2.
Hexadecimal  [32-Bits]

Area                                    Addr        Size        Decimal Bytes (Attributes)
--------------------------------        ----        ----        ------- ----- ------------
CABS                                00000000    00000000 =           0. bytes (ABS,CON,CODE)

      Value  Global                              Global Defined In Module
      -----  --------------------------------   ------------------------
C:   00000053  l_CONST                         
C:   0000006A  l_DSEG                          
C:   0000007E  l_HOME                          
C:   0000007E  s_GSFINAL                       
C:   0000007E  s_GSINIT                        
C:   0000007E  s_GSINIT0                       
C:   0000007E  s_GSINIT1                       
C:   0000007E  s_GSINIT2                       
C:   0000007E  s_GSINIT3                       
C:   0000007E  s_GSINIT4                       
C:   0000007E  s_GSINIT5                       
C:   00000081  s_CSEG                          
C:   000000DF  l_SSEG                          
C:   00000100  l_IRAM                          
C:   0000071A  l_CSEG                          
C:   0000079B  s_CONST                         
C:   000007EE  s_XINIT                         

ASxxxx Linker V03.00/V05.40 + sdld,  page 3.
Hexadecimal  [32-Bits]

Area                                    Addr        Size        Decimal Bytes (Attributes)
--------------------------------        ----        ----        ------- ----- ------------
.  .ABS.                            00000000    00000000 =           0. bytes (ABS,CON)

      Value  Global                              Global Defined In Module
      -----  --------------------------------   ------------------------
     00000000  .__.ABS.                           _gptrget
     00000020  _lcd_ready                         lcdlib
     00000021  _wlock                             dino
     00000022  _phase                             dino
     00000023  _level                             dino
     00000024  _dinoRow                           dino
     00000025  _keyBox                            dino
     00000026  _keyNew                            dino
     00000027  _score                             dino
     00000029  _row0                              dino
     0000002B  _row1                              dino
     0000002D  _sbuf                              dino
     00000031  _padDown                           dino
     00000032  _padCh                             dino
     00000033  _takeCh                            dino
     00000034  _lk                                dino
     00000035  _lpicks                            dino
     00000036  _lwait                             dino
     00000037  _lrng                              dino
     00000038  _sp_save                           preemptive
     0000003C  _live_mask                         preemptive
     0000003D  _cur                               preemptive
     0000003E  _nslot                             preemptive
     0000003F  _keep_sp                           preemptive
     00000070  _lhot                              dino
     00000071  _dst                               dino
     00000072  _ddr                               dino
     00000073  _dcol                              dino
     00000074  _dcell                             dino
     00000075  _dm0                               dino
     00000077  _dm1                               dino
     00000079  _fv                                dino
     0000007B  _fh                                dino
     0000007C  _ft                                dino
     0000007D  _fn                                dino
     00000080  _P0                                keylib
     00000080  _P0_0                              keylib
     00000081  _P0_1                              keylib
     00000081  _SP                                keylib
     00000082  _DPL                               keylib
     00000082  _P0_2                              keylib
     00000083  _DPH                               keylib
     00000083  _P0_3                              keylib
     00000084  _P0_4                              keylib
     00000085  _P0_5                              keylib
     00000086  _P0_6                              keylib
     00000087  _P0_7                              keylib
     00000087  _PCON                              keylib
     00000088  _IT0                               keylib
     00000088  _TCON                              keylib
ASxxxx Linker V03.00/V05.40 + sdld,  page 4.
Hexadecimal  [32-Bits]

Area                                    Addr        Size        Decimal Bytes (Attributes)
--------------------------------        ----        ----        ------- ----- ------------
.  .ABS.                            00000000    00000000 =           0. bytes (ABS,CON)

      Value  Global                              Global Defined In Module
      -----  --------------------------------   ------------------------
     00000089  _IE0                               keylib
     00000089  _TMOD                              keylib
     0000008A  _IT1                               keylib
     0000008A  _TL0                               keylib
     0000008B  _IE1                               keylib
     0000008B  _TL1                               keylib
     0000008C  _TH0                               keylib
     0000008C  _TR0                               keylib
     0000008D  _TF0                               keylib
     0000008D  _TH1                               keylib
     0000008E  _TR1                               keylib
     0000008F  _TF1                               keylib
     00000090  _P1                                keylib
     00000090  _P1_0                              keylib
     00000091  _P1_1                              keylib
     00000092  _P1_2                              keylib
     00000093  _P1_3                              keylib
     00000094  _P1_4                              keylib
     00000095  _P1_5                              keylib
     00000096  _P1_6                              keylib
     00000097  _P1_7                              keylib
     00000098  _RI                                keylib
     00000098  _SCON                              keylib
     00000099  _SBUF                              keylib
     00000099  _TI                                keylib
     0000009A  _RB8                               keylib
     0000009B  _TB8                               keylib
     0000009C  _REN                               keylib
     0000009D  _SM2                               keylib
     0000009E  _SM1                               keylib
     0000009F  _SM0                               keylib
     000000A0  _P2                                keylib
     000000A0  _P2_0                              keylib
     000000A1  _P2_1                              keylib
     000000A2  _P2_2                              keylib
     000000A3  _P2_3                              keylib
     000000A4  _P2_4                              keylib
     000000A5  _P2_5                              keylib
     000000A6  _P2_6                              keylib
     000000A7  _P2_7                              keylib
     000000A8  _EX0                               keylib
     000000A8  _IE                                keylib
     000000A9  _ET0                               keylib
     000000AA  _EX1                               keylib
     000000AB  _ET1                               keylib
     000000AC  _ES                                keylib
     000000AF  _EA                                keylib
     000000B0  _P3                                keylib
     000000B0  _P3_0                              keylib
     000000B0  _RXD                               keylib
     000000B1  _P3_1                              keylib
ASxxxx Linker V03.00/V05.40 + sdld,  page 5.
Hexadecimal  [32-Bits]

Area                                    Addr        Size        Decimal Bytes (Attributes)
--------------------------------        ----        ----        ------- ----- ------------
.  .ABS.                            00000000    00000000 =           0. bytes (ABS,CON)

      Value  Global                              Global Defined In Module
      -----  --------------------------------   ------------------------
     000000B1  _TXD                               keylib
     000000B2  _INT0                              keylib
     000000B2  _P3_2                              keylib
     000000B3  _INT1                              keylib
     000000B3  _P3_3                              keylib
     000000B4  _P3_4                              keylib
     000000B4  _T0                                keylib
     000000B5  _P3_5                              keylib
     000000B5  _T1                                keylib
     000000B6  _P3_6                              keylib
     000000B6  _WR                                keylib
     000000B7  _P3_7                              keylib
     000000B7  _RD                                keylib
     000000B8  _IP                                keylib
     000000B8  _PX0                               keylib
     000000B9  _PT0                               keylib
     000000BA  _PX1                               keylib
     000000BB  _PT1                               keylib
     000000BC  _PS                                keylib
     000000D0  _P                                 keylib
     000000D0  _PSW                               keylib
     000000D1  _F1                                keylib
     000000D2  _OV                                keylib
     000000D3  _RS0                               keylib
     000000D4  _RS1                               keylib
     000000D5  _F0                                keylib
     000000D6  _AC                                keylib
     000000D7  _CY                                keylib
     000000E0  _ACC                               keylib
     000000F0  _B                                 keylib
     000000F5  _B_5                               _gptrget
     000000F6  _B_6                               _gptrget
     000000F7  _B_7                               _gptrget

ASxxxx Linker V03.00/V05.40 + sdld,  page 6.
Hexadecimal  [32-Bits]

Area                                    Addr        Size        Decimal Bytes (Attributes)
--------------------------------        ----        ----        ------- ----- ------------
BSEG_BYTES                          00000020    00000001 =           1. bytes (REL,CON)

      Value  Global                              Global Defined In Module
      -----  --------------------------------   ------------------------
ASxxxx Linker V03.00/V05.40 + sdld,  page 7.
Hexadecimal  [32-Bits]

Area                                    Addr        Size        Decimal Bytes (Attributes)
--------------------------------        ----        ----        ------- ----- ------------
REG_BANK_0                          00000000    00000008 =           8. bytes (REL,OVR)

      Value  Global                              Global Defined In Module
      -----  --------------------------------   ------------------------
ASxxxx Linker V03.00/V05.40 + sdld,  page 8.
Hexadecimal  [32-Bits]

Area                                    Addr        Size        Decimal Bytes (Attributes)
--------------------------------        ----        ----        ------- ----- ------------
DSEG                                00000000    0000006A =         106. bytes (REL,CON)

      Value  Global                              Global Defined In Module
      -----  --------------------------------   ------------------------
     00000008  _LCD_set_symbol_PARM_2             lcdlib

ASxxxx Linker V03.00/V05.40 + sdld,  page 9.
Hexadecimal  [32-Bits]

Area                                    Addr        Size        Decimal Bytes (Attributes)
--------------------------------        ----        ----        ------- ----- ------------
SSEG                                00000021    000000DF =         223. bytes (REL,OVR)

      Value  Global                              Global Defined In Module
      -----  --------------------------------   ------------------------
     00000021  __start__stack                     dino

ASxxxx Linker V03.00/V05.40 + sdld,  page 10.
Hexadecimal  [32-Bits]

Area                                    Addr        Size        Decimal Bytes (Attributes)
--------------------------------        ----        ----        ------- ----- ------------
HOME                                00000000    0000007E =         126. bytes (REL,CON,CODE)

      Value  Global                              Global Defined In Module
      -----  --------------------------------   ------------------------
C:   00000010  sdcc_atomic_exchange_rollback_st   dino
C:   00000037  sdcc_atomic_exchange_gptr_impl     dino
C:   00000037  sdcc_atomic_exchange_rollback_en   dino
C:   00000047  sdcc_atomic_compare_exchange_gpt   dino
C:   00000051  __sdcc_program_startup             dino
C:   00000054  sdcc_atomic_maybe_rollback         
ASxxxx Linker V03.00/V05.40 + sdld,  page 11.
Hexadecimal  [32-Bits]

Area                                    Addr        Size        Decimal Bytes (Attributes)
--------------------------------        ----        ----        ------- ----- ------------
GSFINAL                             0000007E    00000003 =           3. bytes (REL,CON,CODE)

      Value  Global                              Global Defined In Module
      -----  --------------------------------   ------------------------
ASxxxx Linker V03.00/V05.40 + sdld,  page 12.
Hexadecimal  [32-Bits]

Area                                    Addr        Size        Decimal Bytes (Attributes)
--------------------------------        ----        ----        ------- ----- ------------
CSEG                                00000081    0000071A =        1818. bytes (REL,CON,CODE)

      Value  Global                              Global Defined In Module
      -----  --------------------------------   ------------------------
C:   0000013A  _pad_thread                        dino
C:   00000177  _draw_thread                       dino
C:   000002AC  _main                              dino
C:   0000041F  __sdcc_gsinit_startup              dino
C:   00000423  __mcs51_genRAMCLEAR                dino
C:   00000424  __mcs51_genXINIT                   dino
C:   00000425  __mcs51_genXRAMCLEAR               dino
C:   00000426  _timer0_ISR                        dino
C:   0000042C  _Bootstrap                         preemptive
C:   0000045C  _ThreadCreate                      preemptive
C:   000004D6  _ThreadYield                       preemptive
C:   00000536  _ThreadExit                        preemptive
C:   0000058C  _myTimer0Handler                   preemptive
C:   000005E9  _LCD_ready                         lcdlib
C:   000005ED  _LCD_Init                          lcdlib
C:   00000600  _LCD_IRWrite                       lcdlib
C:   00000640  _LCD_functionSet                   lcdlib
C:   0000066A  _LCD_write_char                    lcdlib
C:   00000694  _LCD_write_string                  lcdlib
C:   000006BF  _LCD_set_symbol                    lcdlib
C:   000006EC  _delay                             lcdlib
C:   000006F0  _Init_Keypad                       keylib
C:   000006F6  _AnyKeyPressed                     keylib
C:   00000703  _KeyToChar                         keylib
C:   0000077F  __gptrget                          _gptrget

ASxxxx Linker V03.00/V05.40 + sdld,  page 13.
Hexadecimal  [32-Bits]

Area                                    Addr        Size        Decimal Bytes (Attributes)
--------------------------------        ----        ----        ------- ----- ------------
CONST                               0000079B    00000053 =          83. bytes (REL,CON,CODE)

      Value  Global                              Global Defined In Module
      -----  --------------------------------   ------------------------
C:   0000079B  _dino_bmp                          dino
C:   000007A3  _cactus_bmp                        dino

ASxxxx Linker V03.00/V05.40 + sdld,  page 14.

Files Linked                              [ module(s) ]

dino.rel                                  [  ]
preemptive.rel                            [  ]
lcdlib.rel                                [  ]
keylib.rel                                [  ]


Libraries Linked                          [ object file ]

C:\Program Files\SDCC\bin\..\lib\small/mcs51.lib
                                          [ __sdcc_atomic_maybe_rollback.rel ]
C:\Program Files\SDCC\bin\..\lib\small/libsdcc.lib
                                          [ _gptrget.rel ]

ASxxxx Linker V03.00/V05.40 + sdld,  page 15.

User Base Address Definitions

HOME = 0x0000
XSEG = 0x0001
PSEG = 0x0001
ISEG = 0x0000
BSEG = 0x0000

